/home/kfleming/plbXMD/implementation/system.ngc 1266800448
/home/kfleming/plbXMD/implementation/ppc405_0_wrapper.ngc 1266800334
/home/kfleming/plbXMD/implementation/ppc405_1_wrapper.ngc 1266800334
/home/kfleming/plbXMD/implementation/jtagppc_0_wrapper.ngc 1266800334
/home/kfleming/plbXMD/implementation/reset_block_wrapper.ngc 1266800334
/home/kfleming/plbXMD/implementation/iocm_wrapper.ngc 1266800334
/home/kfleming/plbXMD/implementation/iocm_cntlr_wrapper.ngc 1266800334
/home/kfleming/plbXMD/implementation/isocm_bram_wrapper.ngc 1266800334
/home/kfleming/plbXMD/implementation/docm_wrapper.ngc 1266800334
/home/kfleming/plbXMD/implementation/docm_cntlr_wrapper.ngc 1266800334
/home/kfleming/plbXMD/implementation/dsocm_bram_wrapper.ngc 1266800334
/home/kfleming/plbXMD/implementation/plb_wrapper.ngc 1266800334
/home/kfleming/plbXMD/implementation/plb_bram_if_cntlr_1_wrapper.ngc 1266800334
/home/kfleming/plbXMD/implementation/plb_bram_if_cntlr_1_bram_wrapper.ngc 1266800334
/home/kfleming/plbXMD/implementation/dcm_0_wrapper.ngc 1266800334
/home/kfleming/plbXMD/implementation/plb2opb_bridge_0_wrapper.ngc 1266800334
/home/kfleming/plbXMD/implementation/opb_v20_0_wrapper.ngc 1266800334
/home/kfleming/plbXMD/implementation/opb_mdm_0_wrapper.ngc 1266800334
/home/kfleming/plbXMD/implementation/ftl_0_wrapper.ngc 1266800381
OK
