AR ipif_control_rd implementation C:/EDK91/hw/XilinxProcessorIPLib/pcores/plb_ipif_v2_01_a/hdl/vhdl/ipif_control_rd.vhd sub00/vhpl25 1214555539
AR wrpfifo_dp_cntl implementation C:/EDK91/hw/XilinxProcessorIPLib/pcores/plb_ipif_v2_01_a/hdl/vhdl/wrpfifo_dp_cntl.vhd sub00/vhpl19 1214555533
EN address_decoder NULL C:/EDK91/hw/XilinxProcessorIPLib/pcores/plb_ipif_v2_01_a/hdl/vhdl/address_decoder.vhd sub00/vhpl28 1214555542
EN determinate_timer NULL C:/EDK91/hw/XilinxProcessorIPLib/pcores/plb_ipif_v2_01_a/hdl/vhdl/determinate_timer.vhd sub00/vhpl30 1214555544
AR pf_occ_counter_top implementation C:/EDK91/hw/XilinxProcessorIPLib/pcores/plb_ipif_v2_01_a/hdl/vhdl/pf_occ_counter_top.vhd sub00/vhpl09 1214555516
AR pf_dpram_select implementation C:/EDK91/hw/XilinxProcessorIPLib/pcores/plb_ipif_v2_01_a/hdl/vhdl/pf_dpram_select.vhd sub00/vhpl21 1214555535
AR rdpfifo_top implementation C:/EDK91/hw/XilinxProcessorIPLib/pcores/plb_ipif_v2_01_a/hdl/vhdl/rdpfifo_top.vhd sub00/vhpl41 1214555555
EN pf_occ_counter_top NULL C:/EDK91/hw/XilinxProcessorIPLib/pcores/plb_ipif_v2_01_a/hdl/vhdl/pf_occ_counter_top.vhd sub00/vhpl08 1214555515
AR addr_reg_cntr_brst implementation C:/EDK91/hw/XilinxProcessorIPLib/pcores/plb_ipif_v2_01_a/hdl/vhdl/addr_reg_cntr_brst.vhd sub00/vhpl33 1214555547
EN plb_slave_attach_dtime_dma NULL C:/EDK91/hw/XilinxProcessorIPLib/pcores/plb_ipif_v2_01_a/hdl/vhdl/plb_slave_attach_dtime_dma.vhd sub00/vhpl34 1214555548
AR pf_dly1_mux implementation C:/EDK91/hw/XilinxProcessorIPLib/pcores/plb_ipif_v2_01_a/hdl/vhdl/pf_dly1_mux.vhd sub00/vhpl15 1214555522
AR ipif_reset implementation C:/EDK91/hw/XilinxProcessorIPLib/pcores/plb_ipif_v2_01_a/hdl/vhdl/ipif_reset.vhd sub00/vhpl37 1214555551
EN addr_reg_cntr_brst NULL C:/EDK91/hw/XilinxProcessorIPLib/pcores/plb_ipif_v2_01_a/hdl/vhdl/addr_reg_cntr_brst.vhd sub00/vhpl32 1214555546
EN master_attachment NULL C:/EDK91/hw/XilinxProcessorIPLib/pcores/plb_ipif_v2_01_a/hdl/vhdl/master_attachment.vhd sub00/vhpl46 1214555560
AR pf_adder_bit implementation C:/EDK91/hw/XilinxProcessorIPLib/pcores/plb_ipif_v2_01_a/hdl/vhdl/pf_adder_bit.vhd sub00/vhpl03 1214555488
EN rdpfifo_dp_cntl NULL C:/EDK91/hw/XilinxProcessorIPLib/pcores/plb_ipif_v2_01_a/hdl/vhdl/rdpfifo_dp_cntl.vhd sub00/vhpl26 1214555540
AR pf_adder implementation C:/EDK91/hw/XilinxProcessorIPLib/pcores/plb_ipif_v2_01_a/hdl/vhdl/pf_adder.vhd sub00/vhpl13 1214555520
AR address_decoder imp C:/EDK91/hw/XilinxProcessorIPLib/pcores/plb_ipif_v2_01_a/hdl/vhdl/address_decoder.vhd sub00/vhpl29 1214555543
EN plb_dma_sg NULL C:/EDK91/hw/XilinxProcessorIPLib/pcores/plb_ipif_v2_01_a/hdl/vhdl/plb_dma_sg.vhd sub00/vhpl44 1214555558
EN pf_counter_top NULL C:/EDK91/hw/XilinxProcessorIPLib/pcores/plb_ipif_v2_01_a/hdl/vhdl/pf_counter_top.vhd sub00/vhpl10 1214555517
AR wrpfifo_top implementation C:/EDK91/hw/XilinxProcessorIPLib/pcores/plb_ipif_v2_01_a/hdl/vhdl/wrpfifo_top.vhd sub00/vhpl43 1214555557
AR plb_ipif implementation C:/EDK91/hw/XilinxProcessorIPLib/pcores/plb_ipif_v2_01_a/hdl/vhdl/plb_ipif.vhd sub00/vhpl49 1214555563
AR plb_dma_sg implementation C:/EDK91/hw/XilinxProcessorIPLib/pcores/plb_ipif_v2_01_a/hdl/vhdl/plb_dma_sg.vhd sub00/vhpl45 1214555559
EN srl16_fifo NULL C:/EDK91/hw/XilinxProcessorIPLib/pcores/plb_ipif_v2_01_a/hdl/vhdl/srl16_fifo.vhd sub00/vhpl22 1214555536
EN pf_dly1_mux NULL C:/EDK91/hw/XilinxProcessorIPLib/pcores/plb_ipif_v2_01_a/hdl/vhdl/pf_dly1_mux.vhd sub00/vhpl14 1214555521
EN plb_ipif NULL C:/EDK91/hw/XilinxProcessorIPLib/pcores/plb_ipif_v2_01_a/hdl/vhdl/plb_ipif.vhd sub00/vhpl48 1214555562
EN pf_adder_bit NULL C:/EDK91/hw/XilinxProcessorIPLib/pcores/plb_ipif_v2_01_a/hdl/vhdl/pf_adder_bit.vhd sub00/vhpl02 1214555487
AR pf_counter_bit implementation C:/EDK91/hw/XilinxProcessorIPLib/pcores/plb_ipif_v2_01_a/hdl/vhdl/pf_counter_bit.vhd sub00/vhpl01 1214555484
EN pf_occ_counter NULL C:/EDK91/hw/XilinxProcessorIPLib/pcores/plb_ipif_v2_01_a/hdl/vhdl/pf_occ_counter.vhd sub00/vhpl06 1214555491
EN ipif_control_rd NULL C:/EDK91/hw/XilinxProcessorIPLib/pcores/plb_ipif_v2_01_a/hdl/vhdl/ipif_control_rd.vhd sub00/vhpl24 1214555538
EN pf_dpram_select NULL C:/EDK91/hw/XilinxProcessorIPLib/pcores/plb_ipif_v2_01_a/hdl/vhdl/pf_dpram_select.vhd sub00/vhpl20 1214555534
AR srl16_fifo implementation C:/EDK91/hw/XilinxProcessorIPLib/pcores/plb_ipif_v2_01_a/hdl/vhdl/srl16_fifo.vhd sub00/vhpl23 1214555537
AR pf_counter_top implementation C:/EDK91/hw/XilinxProcessorIPLib/pcores/plb_ipif_v2_01_a/hdl/vhdl/pf_counter_top.vhd sub00/vhpl11 1214555518
EN wrpfifo_dp_cntl NULL C:/EDK91/hw/XilinxProcessorIPLib/pcores/plb_ipif_v2_01_a/hdl/vhdl/wrpfifo_dp_cntl.vhd sub00/vhpl18 1214555532
AR determinate_timer implementation C:/EDK91/hw/XilinxProcessorIPLib/pcores/plb_ipif_v2_01_a/hdl/vhdl/determinate_timer.vhd sub00/vhpl31 1214555545
EN plb_sesr_sear NULL C:/EDK91/hw/XilinxProcessorIPLib/pcores/plb_ipif_v2_01_a/hdl/vhdl/plb_sesr_sear.vhd sub00/vhpl38 1214555552
EN pf_adder NULL C:/EDK91/hw/XilinxProcessorIPLib/pcores/plb_ipif_v2_01_a/hdl/vhdl/pf_adder.vhd sub00/vhpl12 1214555519
EN ipif_reset NULL C:/EDK91/hw/XilinxProcessorIPLib/pcores/plb_ipif_v2_01_a/hdl/vhdl/ipif_reset.vhd sub00/vhpl36 1214555550
EN pf_counter NULL C:/EDK91/hw/XilinxProcessorIPLib/pcores/plb_ipif_v2_01_a/hdl/vhdl/pf_counter.vhd sub00/vhpl04 1214555489
EN ipif_control_wr_dre NULL C:/EDK91/hw/XilinxProcessorIPLib/pcores/plb_ipif_v2_01_a/hdl/vhdl/ipif_control_wr_dre.vhd sub00/vhpl16 1214555530
AR plb_sesr_sear implementation C:/EDK91/hw/XilinxProcessorIPLib/pcores/plb_ipif_v2_01_a/hdl/vhdl/plb_sesr_sear.vhd sub00/vhpl39 1214555553
AR pf_counter implementation C:/EDK91/hw/XilinxProcessorIPLib/pcores/plb_ipif_v2_01_a/hdl/vhdl/pf_counter.vhd sub00/vhpl05 1214555490
EN pf_counter_bit NULL C:/EDK91/hw/XilinxProcessorIPLib/pcores/plb_ipif_v2_01_a/hdl/vhdl/pf_counter_bit.vhd sub00/vhpl00 1214555483
EN wrpfifo_top NULL C:/EDK91/hw/XilinxProcessorIPLib/pcores/plb_ipif_v2_01_a/hdl/vhdl/wrpfifo_top.vhd sub00/vhpl42 1214555556
AR rdpfifo_dp_cntl implementation C:/EDK91/hw/XilinxProcessorIPLib/pcores/plb_ipif_v2_01_a/hdl/vhdl/rdpfifo_dp_cntl.vhd sub00/vhpl27 1214555541
AR pf_occ_counter implementation C:/EDK91/hw/XilinxProcessorIPLib/pcores/plb_ipif_v2_01_a/hdl/vhdl/pf_occ_counter.vhd sub00/vhpl07 1214555492
AR plb_slave_attach_dtime_dma implementation C:/EDK91/hw/XilinxProcessorIPLib/pcores/plb_ipif_v2_01_a/hdl/vhdl/plb_slave_attach_dtime_dma.vhd sub00/vhpl35 1214555549
AR master_attachment implementation C:/EDK91/hw/XilinxProcessorIPLib/pcores/plb_ipif_v2_01_a/hdl/vhdl/master_attachment.vhd sub00/vhpl47 1214555561
EN rdpfifo_top NULL C:/EDK91/hw/XilinxProcessorIPLib/pcores/plb_ipif_v2_01_a/hdl/vhdl/rdpfifo_top.vhd sub00/vhpl40 1214555554
AR ipif_control_wr_dre implementation C:/EDK91/hw/XilinxProcessorIPLib/pcores/plb_ipif_v2_01_a/hdl/vhdl/ipif_control_wr_dre.vhd sub00/vhpl17 1214555531
