V3 11
FL /afs/hyewon.snu.ac.kr/workspaces/kfleming/gordon/Hardware/XUP_Linux-1GB/pcores/ftl_v1_00_a/hdl/vhdl/ftl.vhd 2009/12/10.21:37:45 K.39
FL /home/kfleming/gordon/HardwareStripped/XUP_Linux-1GB/pcores/ftl_v1_00_a/hdl/vhdl/ftl.vhd 2009/12/22.23:12:27 K.39
EN ftl_v1_00_a/ftl 1261541555 \
      FL /home/kfleming/gordon/HardwareStripped/XUP_Linux-1GB/pcores/ftl_v1_00_a/hdl/vhdl/ftl.vhd \
      PB ieee/std_logic_1164 1173395717 PB ieee/std_logic_arith 1173395718 \
      PB ieee/STD_LOGIC_UNSIGNED 1173395719 LB proc_common_v1_00_b \
      PB proc_common_v1_00_b/proc_common_pkg 1214555466 LB ipif_common_v1_00_e \
      PB ipif_common_v1_00_e/ipif_pkg 1214555486 LB plb_ipif_v2_01_a \
      LB ftl_v1_00_a
AR ftl_v1_00_a/ftl/IMP 1261541556 \
      FL /home/kfleming/gordon/HardwareStripped/XUP_Linux-1GB/pcores/ftl_v1_00_a/hdl/vhdl/ftl.vhd \
      EN ftl_v1_00_a/ftl 1261541555 CP plb_ipif_v2_01_a/plb_ipif CP user_logic
FL C:/Code/Research2/hw/XUP_Linux/pcores/ftl_v1_00_a/hdl/vhdl/ftl.vhd 2008/06/03.16:15:41 K.39
