V3 43
FL C:/EDK91/hw/XilinxProcessorIPLib/pcores/proc_common_v1_00_b/hdl/vhdl/family.vhd 2007/02/09.16:41:25 J.33
PH proc_common_v1_00_b/family 1214555479 \
      FL C:/EDK91/hw/XilinxProcessorIPLib/pcores/proc_common_v1_00_b/hdl/vhdl/family.vhd
PB proc_common_v1_00_b/family 1214555480 \
      FL C:/EDK91/hw/XilinxProcessorIPLib/pcores/proc_common_v1_00_b/hdl/vhdl/family.vhd \
      PH proc_common_v1_00_b/family 1214555479
FL C:/EDK91/hw/XilinxProcessorIPLib/pcores/proc_common_v1_00_b/hdl/vhdl/inferred_lut4.vhd 2007/02/09.16:42:02 J.33
EN proc_common_v1_00_b/inferred_lut4 1214555481 \
      FL C:/EDK91/hw/XilinxProcessorIPLib/pcores/proc_common_v1_00_b/hdl/vhdl/inferred_lut4.vhd \
      PB ieee/std_logic_1164 1173395717 PB ieee/std_logic_arith 1173395718 \
      PB ieee/STD_LOGIC_UNSIGNED 1173395719
AR proc_common_v1_00_b/inferred_lut4/implementation 1214555482 \
      FL C:/EDK91/hw/XilinxProcessorIPLib/pcores/proc_common_v1_00_b/hdl/vhdl/inferred_lut4.vhd \
      EN proc_common_v1_00_b/inferred_lut4 1214555481
FL C:/EDK91/hw/XilinxProcessorIPLib/pcores/proc_common_v1_00_b/hdl/vhdl/ld_arith_reg.vhd 2007/02/09.16:41:35 J.33
EN proc_common_v1_00_b/ld_arith_reg 1214555475 \
      FL C:/EDK91/hw/XilinxProcessorIPLib/pcores/proc_common_v1_00_b/hdl/vhdl/ld_arith_reg.vhd \
      PB ieee/std_logic_1164 1173395717
AR proc_common_v1_00_b/ld_arith_reg/imp 1214555476 \
      FL C:/EDK91/hw/XilinxProcessorIPLib/pcores/proc_common_v1_00_b/hdl/vhdl/ld_arith_reg.vhd \
      EN proc_common_v1_00_b/ld_arith_reg 1214555475 LB unisim PH ieee/NUMERIC_STD 1173395723 \
      CP std_logic CP MULT_AND CP MUXCY CP XORCY CP FDRE CP FDSE
FL C:/EDK91/hw/XilinxProcessorIPLib/pcores/proc_common_v1_00_b/hdl/vhdl/ld_arith_reg2.vhd 2007/02/09.16:41:32 J.33
EN proc_common_v1_00_b/ld_arith_reg2 1214555473 \
      FL C:/EDK91/hw/XilinxProcessorIPLib/pcores/proc_common_v1_00_b/hdl/vhdl/ld_arith_reg2.vhd \
      PB ieee/std_logic_1164 1173395717
AR proc_common_v1_00_b/ld_arith_reg2/imp 1214555474 \
      FL C:/EDK91/hw/XilinxProcessorIPLib/pcores/proc_common_v1_00_b/hdl/vhdl/ld_arith_reg2.vhd \
      EN proc_common_v1_00_b/ld_arith_reg2 1214555473 LB unisim \
      PH ieee/NUMERIC_STD 1173395723 CP std_logic CP MULT_AND CP MUXCY CP XORCY \
      CP FDRE CP FDSE
FL C:/EDK91/hw/XilinxProcessorIPLib/pcores/proc_common_v1_00_b/hdl/vhdl/or_gate.vhd 2007/02/09.16:41:47 J.33
EN proc_common_v1_00_b/or_gate 1214555471 \
      FL C:/EDK91/hw/XilinxProcessorIPLib/pcores/proc_common_v1_00_b/hdl/vhdl/or_gate.vhd \
      PB ieee/std_logic_1164 1173395717 PB ieee/std_logic_arith 1173395718 \
      PB ieee/STD_LOGIC_UNSIGNED 1173395719 LB proc_common_v1_00_b
AR proc_common_v1_00_b/or_gate/imp 1214555472 \
      FL C:/EDK91/hw/XilinxProcessorIPLib/pcores/proc_common_v1_00_b/hdl/vhdl/or_gate.vhd \
      EN proc_common_v1_00_b/or_gate 1214555471 CP std_logic_vector CP or_muxcy
FL C:/EDK91/hw/XilinxProcessorIPLib/pcores/proc_common_v1_00_b/hdl/vhdl/or_muxcy.vhd 2007/02/09.16:41:46 J.33
EN proc_common_v1_00_b/or_muxcy 1214555463 \
      FL C:/EDK91/hw/XilinxProcessorIPLib/pcores/proc_common_v1_00_b/hdl/vhdl/or_muxcy.vhd \
      PB ieee/std_logic_1164 1173395717 LB unisim
AR proc_common_v1_00_b/or_muxcy/implementation 1214555464 \
      FL C:/EDK91/hw/XilinxProcessorIPLib/pcores/proc_common_v1_00_b/hdl/vhdl/or_muxcy.vhd \
      EN proc_common_v1_00_b/or_muxcy 1214555463 CP std_logic_vector CP MUXCY
FL C:/EDK91/hw/XilinxProcessorIPLib/pcores/proc_common_v1_00_b/hdl/vhdl/proc_common_pkg.vhd 2007/02/09.16:41:32 J.33
PH proc_common_v1_00_b/proc_common_pkg 1214555465 \
      FL C:/EDK91/hw/XilinxProcessorIPLib/pcores/proc_common_v1_00_b/hdl/vhdl/proc_common_pkg.vhd \
      PB ieee/std_logic_1164 1173395717 PB ieee/std_logic_arith 1173395718 \
      PB ieee/STD_LOGIC_UNSIGNED 1173395719
PB proc_common_v1_00_b/proc_common_pkg 1214555466 \
      FL C:/EDK91/hw/XilinxProcessorIPLib/pcores/proc_common_v1_00_b/hdl/vhdl/proc_common_pkg.vhd \
      PH proc_common_v1_00_b/proc_common_pkg 1214555465
FL C:/EDK91/hw/XilinxProcessorIPLib/pcores/proc_common_v1_00_b/hdl/vhdl/pselect.vhd 2007/02/09.16:41:37 J.33
EN proc_common_v1_00_b/pselect 1214555469 \
      FL C:/EDK91/hw/XilinxProcessorIPLib/pcores/proc_common_v1_00_b/hdl/vhdl/pselect.vhd \
      PB ieee/std_logic_1164 1173395717 PB ieee/std_logic_arith 1173395718 \
      PB ieee/STD_LOGIC_UNSIGNED 1173395719 LB unisim
AR proc_common_v1_00_b/pselect/imp 1214555470 \
      FL C:/EDK91/hw/XilinxProcessorIPLib/pcores/proc_common_v1_00_b/hdl/vhdl/pselect.vhd \
      EN proc_common_v1_00_b/pselect 1214555469 CP std_logic_vector CP MUXCY
FL C:/EDK91/hw/XilinxProcessorIPLib/pcores/proc_common_v1_00_b/hdl/vhdl/srl_fifo.vhd 2007/02/09.16:41:41 J.33
EN proc_common_v1_00_b/SRL_FIFO 1214555467 \
      FL C:/EDK91/hw/XilinxProcessorIPLib/pcores/proc_common_v1_00_b/hdl/vhdl/srl_fifo.vhd \
      PB ieee/std_logic_1164 1173395717 LB unisim
AR proc_common_v1_00_b/SRL_FIFO/IMP 1214555468 \
      FL C:/EDK91/hw/XilinxProcessorIPLib/pcores/proc_common_v1_00_b/hdl/vhdl/srl_fifo.vhd \
      EN proc_common_v1_00_b/SRL_FIFO 1214555467 CP FDR CP MUXCY_L CP XORCY CP FDRE \
      CP SRL16E
FL C:/EDK91/hw/XilinxProcessorIPLib/pcores/proc_common_v1_00_b/hdl/vhdl/srl_fifo2.vhd 2007/02/09.16:41:36 J.33
EN proc_common_v1_00_b/srl_fifo2 1214555477 \
      FL C:/EDK91/hw/XilinxProcessorIPLib/pcores/proc_common_v1_00_b/hdl/vhdl/srl_fifo2.vhd \
      LB unisim PB ieee/std_logic_1164 1173395717 PB ieee/std_logic_arith 1173395718
AR proc_common_v1_00_b/srl_fifo2/imp 1214555478 \
      FL C:/EDK91/hw/XilinxProcessorIPLib/pcores/proc_common_v1_00_b/hdl/vhdl/srl_fifo2.vhd \
      EN proc_common_v1_00_b/srl_fifo2 1214555477 CP FDR CP MUXCY_L CP XORCY CP FDRE \
      CP SRL16E
