AR or_muxcy implementation C:/EDK91/hw/XilinxProcessorIPLib/pcores/proc_common_v1_00_b/hdl/vhdl/or_muxcy.vhd sub00/vhpl01 1214555464
AR srl_fifo2 imp C:/EDK91/hw/XilinxProcessorIPLib/pcores/proc_common_v1_00_b/hdl/vhdl/srl_fifo2.vhd sub00/vhpl15 1214555478
AR or_gate imp C:/EDK91/hw/XilinxProcessorIPLib/pcores/proc_common_v1_00_b/hdl/vhdl/or_gate.vhd sub00/vhpl09 1214555472
AR srl_fifo imp C:/EDK91/hw/XilinxProcessorIPLib/pcores/proc_common_v1_00_b/hdl/vhdl/srl_fifo.vhd sub00/vhpl05 1214555468
PH family NULL C:/EDK91/hw/XilinxProcessorIPLib/pcores/proc_common_v1_00_b/hdl/vhdl/family.vhd sub00/vhpl16 1214555479
AR ld_arith_reg imp C:/EDK91/hw/XilinxProcessorIPLib/pcores/proc_common_v1_00_b/hdl/vhdl/ld_arith_reg.vhd sub00/vhpl13 1214555476
EN ld_arith_reg2 NULL C:/EDK91/hw/XilinxProcessorIPLib/pcores/proc_common_v1_00_b/hdl/vhdl/ld_arith_reg2.vhd sub00/vhpl10 1214555473
EN srl_fifo2 NULL C:/EDK91/hw/XilinxProcessorIPLib/pcores/proc_common_v1_00_b/hdl/vhdl/srl_fifo2.vhd sub00/vhpl14 1214555477
EN inferred_lut4 NULL C:/EDK91/hw/XilinxProcessorIPLib/pcores/proc_common_v1_00_b/hdl/vhdl/inferred_lut4.vhd sub00/vhpl18 1214555481
EN srl_fifo NULL C:/EDK91/hw/XilinxProcessorIPLib/pcores/proc_common_v1_00_b/hdl/vhdl/srl_fifo.vhd sub00/vhpl04 1214555467
EN pselect NULL C:/EDK91/hw/XilinxProcessorIPLib/pcores/proc_common_v1_00_b/hdl/vhdl/pselect.vhd sub00/vhpl06 1214555469
EN or_gate NULL C:/EDK91/hw/XilinxProcessorIPLib/pcores/proc_common_v1_00_b/hdl/vhdl/or_gate.vhd sub00/vhpl08 1214555471
PH proc_common_pkg NULL C:/EDK91/hw/XilinxProcessorIPLib/pcores/proc_common_v1_00_b/hdl/vhdl/proc_common_pkg.vhd sub00/vhpl02 1214555465
AR inferred_lut4 implementation C:/EDK91/hw/XilinxProcessorIPLib/pcores/proc_common_v1_00_b/hdl/vhdl/inferred_lut4.vhd sub00/vhpl19 1214555482
EN ld_arith_reg NULL C:/EDK91/hw/XilinxProcessorIPLib/pcores/proc_common_v1_00_b/hdl/vhdl/ld_arith_reg.vhd sub00/vhpl12 1214555475
AR ld_arith_reg2 imp C:/EDK91/hw/XilinxProcessorIPLib/pcores/proc_common_v1_00_b/hdl/vhdl/ld_arith_reg2.vhd sub00/vhpl11 1214555474
PB family family C:/EDK91/hw/XilinxProcessorIPLib/pcores/proc_common_v1_00_b/hdl/vhdl/family.vhd sub00/vhpl17 1214555480
EN or_muxcy NULL C:/EDK91/hw/XilinxProcessorIPLib/pcores/proc_common_v1_00_b/hdl/vhdl/or_muxcy.vhd sub00/vhpl00 1214555463
AR pselect imp C:/EDK91/hw/XilinxProcessorIPLib/pcores/proc_common_v1_00_b/hdl/vhdl/pselect.vhd sub00/vhpl07 1214555470
PB proc_common_pkg proc_common_pkg C:/EDK91/hw/XilinxProcessorIPLib/pcores/proc_common_v1_00_b/hdl/vhdl/proc_common_pkg.vhd sub00/vhpl03 1214555466
