AR interrupt_control implementation C:/EDK91/hw/XilinxProcessorIPLib/pcores/ipif_common_v1_00_e/hdl/vhdl/interrupt_control.vhd sub00/vhpl20 1214555529
AR ctrl_reg_0_to_0 sim C:/EDK91/hw/XilinxProcessorIPLib/pcores/ipif_common_v1_00_e/hdl/vhdl/ctrl_reg.vhd sub00/vhpl10 1214555512
PH dma_sg_cmp NULL C:/EDK91/hw/XilinxProcessorIPLib/pcores/ipif_common_v1_00_e/hdl/vhdl/dma_sg_cmp.vhd sub00/vhpl13 1214555502
EN ctrl_reg_0_to_0 NULL C:/EDK91/hw/XilinxProcessorIPLib/pcores/ipif_common_v1_00_e/hdl/vhdl/ctrl_reg.vhd sub00/vhpl09 1214555511
EN ctrl_reg_0_to_6 NULL C:/EDK91/hw/XilinxProcessorIPLib/pcores/ipif_common_v1_00_e/hdl/vhdl/ctrl_reg.vhd sub00/vhpl05 1214555507
EN ctrl_reg_0_to_7 NULL C:/EDK91/hw/XilinxProcessorIPLib/pcores/ipif_common_v1_00_e/hdl/vhdl/ctrl_reg.vhd sub00/vhpl07 1214555509
PH ipif_pkg NULL C:/EDK91/hw/XilinxProcessorIPLib/pcores/ipif_common_v1_00_e/hdl/vhdl/ipif_pkg.vhd sub00/vhpl00 1214555485
EN interrupt_control NULL C:/EDK91/hw/XilinxProcessorIPLib/pcores/ipif_common_v1_00_e/hdl/vhdl/interrupt_control.vhd sub00/vhpl19 1214555528
AR ctrl_reg sim C:/EDK91/hw/XilinxProcessorIPLib/pcores/ipif_common_v1_00_e/hdl/vhdl/ctrl_reg.vhd sub00/vhpl04 1214555506
AR ctrl_reg_0_to_6 sim C:/EDK91/hw/XilinxProcessorIPLib/pcores/ipif_common_v1_00_e/hdl/vhdl/ctrl_reg.vhd sub00/vhpl06 1214555508
AR dma_sg sim C:/EDK91/hw/XilinxProcessorIPLib/pcores/ipif_common_v1_00_e/hdl/vhdl/dma_sg_sim.vhd sub00/vhpl16 1214555525
PB dma_sg_pkg dma_sg_pkg C:/EDK91/hw/XilinxProcessorIPLib/pcores/ipif_common_v1_00_e/hdl/vhdl/dma_sg_pkg.vhd sub00/vhpl15 1214555504
EN ctrl_reg NULL C:/EDK91/hw/XilinxProcessorIPLib/pcores/ipif_common_v1_00_e/hdl/vhdl/ctrl_reg.vhd sub00/vhpl03 1214555505
EN burst_size_calc NULL C:/EDK91/hw/XilinxProcessorIPLib/pcores/ipif_common_v1_00_e/hdl/vhdl/burst_size_calc.vhd sub00/vhpl11 1214555513
PB ipif_pkg ipif_pkg C:/EDK91/hw/XilinxProcessorIPLib/pcores/ipif_common_v1_00_e/hdl/vhdl/ipif_pkg.vhd sub00/vhpl01 1214555486
EN dma_sg NULL C:/EDK91/hw/XilinxProcessorIPLib/pcores/ipif_common_v1_00_e/hdl/vhdl/dma_sg.vhd sub00/vhpl02 1214555501
AR burst_size_calc imp C:/EDK91/hw/XilinxProcessorIPLib/pcores/ipif_common_v1_00_e/hdl/vhdl/burst_size_calc.vhd sub00/vhpl12 1214555514
PH dma_sg_pkg NULL C:/EDK91/hw/XilinxProcessorIPLib/pcores/ipif_common_v1_00_e/hdl/vhdl/dma_sg_pkg.vhd sub00/vhpl14 1214555503
AR ctrl_reg_0_to_7 sim C:/EDK91/hw/XilinxProcessorIPLib/pcores/ipif_common_v1_00_e/hdl/vhdl/ctrl_reg.vhd sub00/vhpl08 1214555510
AR ipif_steer imp C:/EDK91/hw/XilinxProcessorIPLib/pcores/ipif_common_v1_00_e/hdl/vhdl/ipif_steer.vhd sub00/vhpl18 1214555527
EN ipif_steer NULL C:/EDK91/hw/XilinxProcessorIPLib/pcores/ipif_common_v1_00_e/hdl/vhdl/ipif_steer.vhd sub00/vhpl17 1214555526
