V3 50
FL C:/EDK91/hw/XilinxProcessorIPLib/pcores/ipif_common_v1_00_e/hdl/vhdl/burst_size_calc.vhd 2007/02/09.16:41:32 J.33
EN ipif_common_v1_00_e/burst_size_calc 1214555513 \
      FL C:/EDK91/hw/XilinxProcessorIPLib/pcores/ipif_common_v1_00_e/hdl/vhdl/burst_size_calc.vhd \
      PB ieee/std_logic_1164 1173395717 PH ieee/NUMERIC_STD 1173395723 LB unisim \
      PH unisim/VCOMPONENTS 1173822169 LB proc_common_v1_00_b \
      PB proc_common_v1_00_b/proc_common_pkg 1214555466
AR ipif_common_v1_00_e/burst_size_calc/imp 1214555514 \
      FL C:/EDK91/hw/XilinxProcessorIPLib/pcores/ipif_common_v1_00_e/hdl/vhdl/burst_size_calc.vhd \
      EN ipif_common_v1_00_e/burst_size_calc 1214555513 CP MUXCY
FL C:/EDK91/hw/XilinxProcessorIPLib/pcores/ipif_common_v1_00_e/hdl/vhdl/ctrl_reg.vhd 2007/02/09.16:41:46 J.33
EN ipif_common_v1_00_e/ctrl_reg 1214555505 \
      FL C:/EDK91/hw/XilinxProcessorIPLib/pcores/ipif_common_v1_00_e/hdl/vhdl/ctrl_reg.vhd \
      PB ieee/std_logic_1164 1173395717
AR ipif_common_v1_00_e/ctrl_reg/sim 1214555506 \
      FL C:/EDK91/hw/XilinxProcessorIPLib/pcores/ipif_common_v1_00_e/hdl/vhdl/ctrl_reg.vhd \
      EN ipif_common_v1_00_e/ctrl_reg 1214555505
EN ipif_common_v1_00_e/ctrl_reg_0_to_6 1214555507 \
      FL C:/EDK91/hw/XilinxProcessorIPLib/pcores/ipif_common_v1_00_e/hdl/vhdl/ctrl_reg.vhd \
      PB ieee/std_logic_1164 1173395717
AR ipif_common_v1_00_e/ctrl_reg_0_to_6/sim 1214555508 \
      FL C:/EDK91/hw/XilinxProcessorIPLib/pcores/ipif_common_v1_00_e/hdl/vhdl/ctrl_reg.vhd \
      EN ipif_common_v1_00_e/ctrl_reg_0_to_6 1214555507
EN ipif_common_v1_00_e/ctrl_reg_0_to_7 1214555509 \
      FL C:/EDK91/hw/XilinxProcessorIPLib/pcores/ipif_common_v1_00_e/hdl/vhdl/ctrl_reg.vhd \
      PB ieee/std_logic_1164 1173395717
AR ipif_common_v1_00_e/ctrl_reg_0_to_7/sim 1214555510 \
      FL C:/EDK91/hw/XilinxProcessorIPLib/pcores/ipif_common_v1_00_e/hdl/vhdl/ctrl_reg.vhd \
      EN ipif_common_v1_00_e/ctrl_reg_0_to_7 1214555509
EN ipif_common_v1_00_e/ctrl_reg_0_to_0 1214555511 \
      FL C:/EDK91/hw/XilinxProcessorIPLib/pcores/ipif_common_v1_00_e/hdl/vhdl/ctrl_reg.vhd \
      PB ieee/std_logic_1164 1173395717
AR ipif_common_v1_00_e/ctrl_reg_0_to_0/sim 1214555512 \
      FL C:/EDK91/hw/XilinxProcessorIPLib/pcores/ipif_common_v1_00_e/hdl/vhdl/ctrl_reg.vhd \
      EN ipif_common_v1_00_e/ctrl_reg_0_to_0 1214555511
FL C:/EDK91/hw/XilinxProcessorIPLib/pcores/ipif_common_v1_00_e/hdl/vhdl/dma_sg.vhd 2007/02/09.16:41:37 J.33
EN ipif_common_v1_00_e/dma_sg 1214555501 \
      FL C:/EDK91/hw/XilinxProcessorIPLib/pcores/ipif_common_v1_00_e/hdl/vhdl/dma_sg.vhd \
      PB ieee/std_logic_1164 1173395717 LB ipif_common_v1_00_e \
      PB ipif_common_v1_00_e/ipif_pkg 1214555486 LB proc_common_v1_00_b \
      PB proc_common_v1_00_b/proc_common_pkg 1214555466
FL C:/EDK91/hw/XilinxProcessorIPLib/pcores/ipif_common_v1_00_e/hdl/vhdl/dma_sg_cmp.vhd 2007/02/09.16:41:36 J.33
PH ipif_common_v1_00_e/dma_sg_cmp 1214555502 \
      FL C:/EDK91/hw/XilinxProcessorIPLib/pcores/ipif_common_v1_00_e/hdl/vhdl/dma_sg_cmp.vhd \
      PB ieee/std_logic_1164 1173395717 LB ipif_common_v1_00_e \
      PB ipif_common_v1_00_e/ipif_pkg 1214555486 CD dma_sg CD ctrl_reg_0_to_7 \
      CD ctrl_reg_0_to_0 CD SRL_FIFO CD ld_arith_reg CD ld_arith_reg2 \
      CD burst_size_calc
FL C:/EDK91/hw/XilinxProcessorIPLib/pcores/ipif_common_v1_00_e/hdl/vhdl/dma_sg_pkg.vhd 2007/02/09.16:41:44 J.33
PH ipif_common_v1_00_e/dma_sg_pkg 1214555503 \
      FL C:/EDK91/hw/XilinxProcessorIPLib/pcores/ipif_common_v1_00_e/hdl/vhdl/dma_sg_pkg.vhd \
      PB ieee/std_logic_1164 1173395717 PH ieee/NUMERIC_STD 1173395723
PB ipif_common_v1_00_e/dma_sg_pkg 1214555504 \
      FL C:/EDK91/hw/XilinxProcessorIPLib/pcores/ipif_common_v1_00_e/hdl/vhdl/dma_sg_pkg.vhd \
      PH ipif_common_v1_00_e/dma_sg_pkg 1214555503
FL C:/EDK91/hw/XilinxProcessorIPLib/pcores/ipif_common_v1_00_e/hdl/vhdl/dma_sg_sim.vhd 2007/02/09.16:41:05 J.33
AR ipif_common_v1_00_e/dma_sg/sim 1214555525 \
      FL C:/EDK91/hw/XilinxProcessorIPLib/pcores/ipif_common_v1_00_e/hdl/vhdl/dma_sg_sim.vhd \
      EN ipif_common_v1_00_e/dma_sg 1214555501 PH ieee/NUMERIC_STD 1173395723 \
      LB ipif_common_v1_00_e PH ipif_common_v1_00_e/dma_sg_cmp 1214555502 \
      PB ipif_common_v1_00_e/dma_sg_pkg 1214555504 LB proc_common_v1_00_b \
      PB proc_common_v1_00_b/proc_common_pkg 1214555466 CP natural \
      CP std_logic_vector CP std_logic CP ctrl_reg_0_to_7 CP ctrl_reg_0_to_0 \
      CP ld_arith_reg CP ld_arith_reg2 CP burst_size_calc CP SRL_FIFO
FL C:/EDK91/hw/XilinxProcessorIPLib/pcores/ipif_common_v1_00_e/hdl/vhdl/interrupt_control.vhd 2007/02/09.16:41:11 J.33
EN ipif_common_v1_00_e/interrupt_control 1214555528 \
      FL C:/EDK91/hw/XilinxProcessorIPLib/pcores/ipif_common_v1_00_e/hdl/vhdl/interrupt_control.vhd \
      PB ieee/std_logic_1164 1173395717 PB ieee/std_logic_arith 1173395718 \
      LB proc_common_v1_00_b PB proc_common_v1_00_b/proc_common_pkg 1214555466 \
      LB ipif_common_v1_00_e PB ipif_common_v1_00_e/ipif_pkg 1214555486
AR ipif_common_v1_00_e/interrupt_control/implementation 1214555529 \
      FL C:/EDK91/hw/XilinxProcessorIPLib/pcores/ipif_common_v1_00_e/hdl/vhdl/interrupt_control.vhd \
      EN ipif_common_v1_00_e/interrupt_control 1214555528 CP std_logic
FL C:/EDK91/hw/XilinxProcessorIPLib/pcores/ipif_common_v1_00_e/hdl/vhdl/ipif_pkg.vhd 2007/02/09.16:41:10 J.33
PH ipif_common_v1_00_e/ipif_pkg 1214555485 \
      FL C:/EDK91/hw/XilinxProcessorIPLib/pcores/ipif_common_v1_00_e/hdl/vhdl/ipif_pkg.vhd \
      PB ieee/std_logic_1164 1173395717 PB ieee/std_logic_arith 1173395718 \
      PB ieee/STD_LOGIC_UNSIGNED 1173395719
PB ipif_common_v1_00_e/ipif_pkg 1214555486 \
      FL C:/EDK91/hw/XilinxProcessorIPLib/pcores/ipif_common_v1_00_e/hdl/vhdl/ipif_pkg.vhd \
      PH ipif_common_v1_00_e/ipif_pkg 1214555485 LB proc_common_v1_00_b \
      PB proc_common_v1_00_b/proc_common_pkg 1214555466
FL C:/EDK91/hw/XilinxProcessorIPLib/pcores/ipif_common_v1_00_e/hdl/vhdl/ipif_steer.vhd 2007/02/09.16:41:24 J.33
EN ipif_common_v1_00_e/IPIF_Steer 1214555526 \
      FL C:/EDK91/hw/XilinxProcessorIPLib/pcores/ipif_common_v1_00_e/hdl/vhdl/ipif_steer.vhd \
      PB ieee/std_logic_1164 1173395717
AR ipif_common_v1_00_e/IPIF_Steer/IMP 1214555527 \
      FL C:/EDK91/hw/XilinxProcessorIPLib/pcores/ipif_common_v1_00_e/hdl/vhdl/ipif_steer.vhd \
      EN ipif_common_v1_00_e/IPIF_Steer 1214555526 CP std_logic \
      CP std_logic_vector
