EN mux2_1_x_n NULL C:/EDK91/hw/XilinxProcessorIPLib/pcores/dre_v1_00_a/hdl/vhdl/dre_support.vhd sub00/vhpl06 1214555499
AR mux2_1_x_n implementation C:/EDK91/hw/XilinxProcessorIPLib/pcores/dre_v1_00_a/hdl/vhdl/dre_support.vhd sub00/vhpl07 1214555500
AR gen_shift_case implementation C:/EDK91/hw/XilinxProcessorIPLib/pcores/dre_v1_00_a/hdl/vhdl/dre_support.vhd sub00/vhpl01 1214555494
AR mux4_1_x_n implementation C:/EDK91/hw/XilinxProcessorIPLib/pcores/dre_v1_00_a/hdl/vhdl/dre_support.vhd sub00/vhpl05 1214555498
EN dre_64_top NULL C:/EDK91/hw/XilinxProcessorIPLib/pcores/dre_v1_00_a/hdl/vhdl/dre_64_top.vhd sub00/vhpl08 1214555523
EN gen_shift_case NULL C:/EDK91/hw/XilinxProcessorIPLib/pcores/dre_v1_00_a/hdl/vhdl/dre_support.vhd sub00/vhpl00 1214555493
AR mux8_1_x_n implementation C:/EDK91/hw/XilinxProcessorIPLib/pcores/dre_v1_00_a/hdl/vhdl/dre_support.vhd sub00/vhpl03 1214555496
EN mux8_1_x_n NULL C:/EDK91/hw/XilinxProcessorIPLib/pcores/dre_v1_00_a/hdl/vhdl/dre_support.vhd sub00/vhpl02 1214555495
AR dre_64_top implementation C:/EDK91/hw/XilinxProcessorIPLib/pcores/dre_v1_00_a/hdl/vhdl/dre_64_top.vhd sub00/vhpl09 1214555524
EN mux4_1_x_n NULL C:/EDK91/hw/XilinxProcessorIPLib/pcores/dre_v1_00_a/hdl/vhdl/dre_support.vhd sub00/vhpl04 1214555497
